com.sellgirl.sgJavaHelper.FuncAuthorityClass -> a:
    com.sellgirl.sgJavaHelper.FuncAuthorityClass Default -> a
    void <init>() -> <init>
    void <init>(java.lang.String,int) -> <init>
    void <clinit>() -> <clinit>
com.sellgirl.sgJavaHelper.IPFSqlFieldTypeConverter -> b:
com.sellgirl.sgJavaHelper.ISGConfigMapper -> c:
    java.util.List GetModelConfigMapper() -> a
    com.sellgirl.sgJavaHelper.SGPathConfig GetPathConfig() -> a
    java.lang.Object getBeanInstance$659effca() -> a
com.sellgirl.sgJavaHelper.ISGDisposable -> d:
    void dispose() -> a
com.sellgirl.sgJavaHelper.PFCharType -> e:
    com.sellgirl.sgJavaHelper.PFCharType Default -> a
    com.sellgirl.sgJavaHelper.PFCharType Chinese -> b
    com.sellgirl.sgJavaHelper.PFCharType English -> c
    com.sellgirl.sgJavaHelper.PFCharType Number -> d
    com.sellgirl.sgJavaHelper.PFCharType FullChar -> e
    com.sellgirl.sgJavaHelper.PFCharType HalfChar -> f
    void <init>(java.lang.String,int) -> <init>
    void <clinit>() -> <clinit>
com.sellgirl.sgJavaHelper.PFCharTypeEnum -> f:
    com.sellgirl.sgJavaHelper.PFCharTypeEnum Default -> a
    com.sellgirl.sgJavaHelper.PFCharTypeEnum Chinese -> b
    com.sellgirl.sgJavaHelper.PFCharTypeEnum ChineseChar -> c
    com.sellgirl.sgJavaHelper.PFCharTypeEnum English -> d
    com.sellgirl.sgJavaHelper.PFCharTypeEnum Number -> e
    com.sellgirl.sgJavaHelper.PFCharTypeEnum FullChar -> f
    com.sellgirl.sgJavaHelper.PFCharTypeEnum HalfChar -> g
    void <init>(java.lang.String,int) -> <init>
    void <clinit>() -> <clinit>
com.sellgirl.sgJavaHelper.PFCmonth -> g:
com.sellgirl.sgJavaHelper.PFDataColumn -> h:
    java.lang.String key -> a
    java.lang.Object value -> a
    java.lang.Class _type -> a
    com.sellgirl.sgJavaHelper.SGSqlFieldTypeEnum _pfType -> a
    java.util.HashMap ExtendedProperties$5a983bf5 -> a
    void <init>() -> <init>
    void <init>(java.lang.String,java.lang.Class) -> <init>
    com.sellgirl.sgJavaHelper.PFDataColumn TClone() -> a
    java.lang.Object clone() -> clone
com.sellgirl.sgJavaHelper.PFDataColumnCollection -> i:
    void <init>() -> <init>
    com.sellgirl.sgJavaHelper.PFDataColumn add(java.lang.String,java.lang.Class) -> a
    com.sellgirl.sgJavaHelper.PFDataColumn get(java.lang.String) -> a
    com.sellgirl.sgJavaHelper.PFDataColumnCollection TClone() -> a
    java.lang.Object clone() -> clone
com.sellgirl.sgJavaHelper.PFDataRow -> j:
    java.util.List col -> a
    void <init>(com.sellgirl.sgJavaHelper.PFDataColumnCollection) -> <init>
    java.lang.Object getColumn(java.lang.String) -> a
    int getIntColumn(java.lang.String) -> a
    void set(java.lang.String,java.lang.Object) -> a
com.sellgirl.sgJavaHelper.PFDataTable -> k:
    java.util.ArrayList Rows$7865b31 -> a
    com.sellgirl.sgJavaHelper.PFDataColumnCollection Columns -> a
    java.util.HashMap ExtendedProperties$5a983bf5 -> a
    void <init>() -> <init>
    com.sellgirl.sgJavaHelper.PFDataRow NewRow() -> a
    java.util.List ToList(java.lang.Class,com.sellgirl.sgJavaHelper.SGAction) -> a
    com.sellgirl.sgJavaHelper.PFDataTable DataTableGroupBy(java.lang.String[],com.sellgirl.sgJavaHelper.PFKeyValueCollection) -> a
    void CopyTableColumn(com.sellgirl.sgJavaHelper.PFDataColumn,com.sellgirl.sgJavaHelper.PFDataTable) -> a
    int lambda$DataTableGroupBy$6(com.sellgirl.sgJavaHelper.PFKeyValue,com.sellgirl.sgJavaHelper.PFDataRow) -> a
    long lambda$DataTableGroupBy$5(com.sellgirl.sgJavaHelper.PFKeyValue,com.sellgirl.sgJavaHelper.PFDataRow) -> a
    int lambda$DataTableGroupBy$4(com.sellgirl.sgJavaHelper.PFKeyValue,com.sellgirl.sgJavaHelper.PFDataRow) -> b
    long lambda$DataTableGroupBy$3(com.sellgirl.sgJavaHelper.PFKeyValue,com.sellgirl.sgJavaHelper.PFDataRow) -> b
    java.lang.String lambda$DataTableGroupBy$2(java.lang.String[][],com.sellgirl.sgJavaHelper.PFDataRow) -> a
    boolean lambda$DataTableGroupBy$1(java.util.List,com.sellgirl.sgJavaHelper.PFKeyValue) -> a
    java.lang.Boolean lambda$DataTableGroupBy$0(java.util.List,java.lang.String) -> a
com.sellgirl.sgJavaHelper.PFEnumClass -> l:
    java.util.HashMap _values$5a983bf5 -> a
    java.util.HashMap _AllTypeValues$5a983bf5 -> b
    void <init>() -> <init>
    void <init>(java.lang.String,java.lang.Integer) -> <init>
    int getValue() -> a
    java.lang.String toString() -> toString
    com.sellgirl.sgJavaHelper.PFEnumClass Or$6237d00b(com.sellgirl.sgJavaHelper.FuncAuthorityClass) -> a
    java.lang.String[] GetAllTexts() -> a
    com.sellgirl.sgJavaHelper.PFEnumClass EnumParse(java.lang.Class,java.lang.String) -> a
    boolean equals(java.lang.Object) -> equals
    void <clinit>() -> <clinit>
com.sellgirl.sgJavaHelper.PFKeyValue -> m:
    java.lang.String Key -> a
    java.lang.Object Value -> a
    void <init>() -> <init>
com.sellgirl.sgJavaHelper.PFKeyValueCollection -> n:
    void <init>(java.util.Collection) -> <init>
    void <init>() -> <init>
    void Add$645b3fe5(java.lang.String,java.io.Serializable) -> a
com.sellgirl.sgJavaHelper.PFKeyValueCollection$1 -> o:
    java.lang.String val$key -> b
    java.lang.Object val$value -> b
    com.sellgirl.sgJavaHelper.PFKeyValueCollection this$0 -> a
    void <init>(com.sellgirl.sgJavaHelper.PFKeyValueCollection,java.lang.String,java.lang.Object) -> <init>
com.sellgirl.sgJavaHelper.PFLine -> p:
    com.sellgirl.sgJavaHelper.PFPoint s -> a
    com.sellgirl.sgJavaHelper.PFPoint e -> b
    int t$3ae434c1 -> a
    boolean isPercent -> a
    void CaculateLineByType(java.awt.Dimension,java.awt.Dimension) -> a
com.sellgirl.sgJavaHelper.PFLine$1 -> q:
    int[] $SwitchMap$com$sellgirl$sgJavaHelper$PFLine$PFLineType -> a
    void <clinit>() -> <clinit>
com.sellgirl.sgJavaHelper.PFLine$PFLineType -> r:
    int Diagonal$3ae434c1 -> a
    int Normal$3ae434c1 -> b
    int FitHeightAndCenterHorizontally$3ae434c1 -> c
    int Anticlockwise90$3ae434c1 -> d
    int Clockwise90$3ae434c1 -> e
    int[] $VALUES$28638c46 -> a
    int[] values$9cf787() -> a
    void <clinit>() -> <clinit>
com.sellgirl.sgJavaHelper.PFModelConfig -> s:
    java.lang.String PropertyName -> f
    java.lang.String DataSet -> g
    java.lang.String FieldId -> h
    java.lang.String FieldName -> a
    java.lang.String LowerFieldName -> b
    java.lang.String FieldText -> c
    java.lang.Class FieldType -> a
    java.lang.Integer Precision -> a
    java.lang.Integer FieldSqlLength -> b
    java.lang.String FieldDescription -> d
    java.lang.String FieldWidth -> e
    boolean _visible -> a
    boolean Required -> b
    boolean HasChinese -> c
    void <init>() -> <init>
    void <init>(org.dom4j.Element,java.lang.String) -> <init>
    java.lang.Object clone() -> clone
    void setVisible(java.lang.Boolean) -> a
com.sellgirl.sgJavaHelper.PFModelConfigCollection -> t:
    void <init>() -> <init>
    boolean containsKey(java.lang.Object) -> containsKey
    com.sellgirl.sgJavaHelper.PFModelConfig get(java.lang.Object) -> a
    void dispose() -> a
    java.lang.Object get(java.lang.Object) -> get
com.sellgirl.sgJavaHelper.PFModelConfigMapper -> u:
    java.lang.String ModelName -> a
    java.lang.String XmlDataSetName -> b
    java.util.List _otherXmlDataSetName -> a
    void <init>() -> <init>
    java.util.List getOtherXmlDataSetName() -> a
com.sellgirl.sgJavaHelper.PFPercent -> v:
    void <init>() -> <init>
com.sellgirl.sgJavaHelper.PFPoint -> w:
    double x -> a
    double y -> b
    void <init>(double,double) -> <init>
com.sellgirl.sgJavaHelper.PFSqlFieldAttribute -> x:
    java.lang.String FieldText() -> a
    java.lang.String FieldDescription() -> b
com.sellgirl.sgJavaHelper.PFSqlFieldType -> y:
    com.sellgirl.sgJavaHelper.PFSqlFieldType String -> a
    com.sellgirl.sgJavaHelper.PFSqlFieldType Decimal -> b
    com.sellgirl.sgJavaHelper.PFSqlFieldType BigDecimal -> c
    com.sellgirl.sgJavaHelper.PFSqlFieldType Int -> d
    com.sellgirl.sgJavaHelper.PFSqlFieldType Long -> e
    com.sellgirl.sgJavaHelper.PFSqlFieldType DateTime -> f
    com.sellgirl.sgJavaHelper.PFSqlFieldType Bool -> g
    com.sellgirl.sgJavaHelper.PFSqlFieldType UUID -> h
    void <init>() -> <init>
    void <init>(java.lang.String,int) -> <init>
    void <clinit>() -> <clinit>
com.sellgirl.sgJavaHelper.PFSqlFieldTypeConverter -> z:
    com.sellgirl.sgJavaHelper.IPFSqlFieldTypeConverter BoolConverter(java.lang.Object) -> a
    com.sellgirl.sgJavaHelper.IPFSqlFieldTypeConverter BoolConverter0(java.lang.Object) -> b
    com.sellgirl.sgJavaHelper.IPFSqlFieldTypeConverter IntConverter(java.lang.Object) -> c
    com.sellgirl.sgJavaHelper.IPFSqlFieldTypeConverter IntConverter0(java.lang.Object) -> d
    com.sellgirl.sgJavaHelper.IPFSqlFieldTypeConverter DoubleConverter(java.lang.Object) -> e
    com.sellgirl.sgJavaHelper.IPFSqlFieldTypeConverter DoubleConverter0(java.lang.Object) -> f
    com.sellgirl.sgJavaHelper.IPFSqlFieldTypeConverter DecimalConverter(java.lang.Object) -> g
    com.sellgirl.sgJavaHelper.IPFSqlFieldTypeConverter DecimalConverter0(java.lang.Object) -> h
    com.sellgirl.sgJavaHelper.IPFSqlFieldTypeConverter LongConverter(java.lang.Object) -> i
    com.sellgirl.sgJavaHelper.IPFSqlFieldTypeConverter LongConverter0(java.lang.Object) -> j
    com.sellgirl.sgJavaHelper.IPFSqlFieldTypeConverter StringConverter(java.lang.Object) -> k
    com.sellgirl.sgJavaHelper.IPFSqlFieldTypeConverter StringConverter0(java.lang.Object) -> l
    com.sellgirl.sgJavaHelper.IPFSqlFieldTypeConverter DateTimeConverter(java.lang.Object) -> m
    com.sellgirl.sgJavaHelper.IPFSqlFieldTypeConverter TimestampConverter(java.lang.Object,boolean) -> a
    com.sellgirl.sgJavaHelper.IPFSqlFieldTypeConverter TimestampConverter0(java.lang.Object,boolean) -> b
    java.lang.Object lambda$TimestampConverter$57(java.lang.Object) -> a
    java.lang.Object lambda$TimestampConverter$56(com.sellgirl.sgJavaHelper.SGDate,java.lang.Object) -> a
    java.lang.Object lambda$TimestampConverter$55(boolean,java.lang.Object) -> a
    java.lang.Object lambda$TimestampConverter$54(boolean,java.lang.Object) -> b
    java.lang.Object lambda$TimestampConverter$53(boolean,java.lang.Object) -> c
    java.lang.Object lambda$TimestampConverter$52(java.lang.Object) -> b
    java.lang.Object lambda$TimestampConverter$51(boolean,java.lang.Object) -> d
    java.lang.Object lambda$TimestampConverter$50(boolean,java.lang.Object) -> e
    java.lang.Object lambda$DateTimeConverter$49(java.lang.Object) -> c
    java.lang.Object lambda$DateTimeConverter$48(com.sellgirl.sgJavaHelper.SGDate,java.lang.Object) -> b
    java.lang.Object lambda$DateTimeConverter$47(java.lang.Object) -> d
    java.lang.Object lambda$DateTimeConverter$46(java.lang.Object) -> e
    java.lang.Object lambda$DateTimeConverter$45(java.lang.Object) -> f
    java.lang.Object lambda$DateTimeConverter$44(java.lang.Object) -> g
    java.lang.Object lambda$DateTimeConverter$43(java.lang.Object) -> h
    java.lang.Object lambda$DateTimeConverter$42(java.lang.Object) -> i
    java.lang.Object lambda$StringConverter0$41(java.lang.Object) -> j
    java.lang.Object lambda$StringConverter0$40(java.lang.Object) -> k
    java.lang.Object lambda$StringConverter$39(java.lang.Object) -> l
    java.lang.Object lambda$StringConverter$38(java.lang.Object) -> m
    java.lang.Object lambda$LongConverter0$37(java.lang.Object) -> n
    java.lang.Object lambda$LongConverter0$36(java.lang.Object) -> o
    java.lang.Object lambda$LongConverter0$35(java.lang.Object) -> p
    java.lang.Object lambda$LongConverter0$34(java.lang.Object) -> q
    java.lang.Object lambda$LongConverter$33(java.lang.Object) -> r
    java.lang.Object lambda$LongConverter$32(java.lang.Object) -> s
    java.lang.Object lambda$LongConverter$31(java.lang.Object) -> t
    java.lang.Object lambda$LongConverter$30(java.lang.Object) -> u
    java.lang.Object lambda$DecimalConverter0$29(java.lang.Object) -> v
    java.lang.Object lambda$DecimalConverter0$28(java.lang.Object) -> w
    java.lang.Object lambda$DecimalConverter0$27(java.lang.Object) -> x
    java.lang.Object lambda$DecimalConverter0$26(java.lang.Object) -> y
    java.lang.Object lambda$DecimalConverter0$25(java.lang.Object) -> z
    java.lang.Object lambda$DecimalConverter$24(java.lang.Object) -> A
    java.lang.Object lambda$DecimalConverter$23(java.lang.Object) -> B
    java.lang.Object lambda$DecimalConverter$22(java.lang.Object) -> C
    java.lang.Object lambda$DecimalConverter$21(java.lang.Object) -> D
    java.lang.Object lambda$DecimalConverter$20(java.lang.Object) -> E
    java.lang.Object lambda$DoubleConverter0$19(java.lang.Object) -> F
    java.lang.Object lambda$DoubleConverter0$18(java.lang.Object) -> G
    java.lang.Object lambda$DoubleConverter$17(java.lang.Object) -> H
    java.lang.Object lambda$DoubleConverter$16(java.lang.Object) -> I
    java.lang.Object lambda$IntConverter0$15(java.lang.Object) -> J
    java.lang.Object lambda$IntConverter0$14(java.lang.Object) -> K
    java.lang.Object lambda$IntConverter0$13(java.lang.Object) -> L
    java.lang.Object lambda$IntConverter0$12(java.lang.Object) -> M
    java.lang.Object lambda$IntConverter0$11(java.lang.Object) -> N
    java.lang.Object lambda$IntConverter0$10(java.lang.Object) -> O
    java.lang.Object lambda$IntConverter$9(java.lang.Object) -> P
    java.lang.Object lambda$IntConverter$8(java.lang.Object) -> Q
    java.lang.Object lambda$IntConverter$7(java.lang.Object) -> R
    java.lang.Object lambda$IntConverter$6(java.lang.Object) -> S
    java.lang.Object lambda$IntConverter$5(java.lang.Object) -> T
    java.lang.Object lambda$IntConverter$4(java.lang.Object) -> U
    java.lang.Object lambda$BoolConverter0$3(java.lang.Object) -> V
    java.lang.Object lambda$BoolConverter0$2(java.lang.Object) -> W
    java.lang.Object lambda$BoolConverter$1(java.lang.Object) -> X
    java.lang.Object lambda$BoolConverter$0(java.lang.Object) -> Y
com.sellgirl.sgJavaHelper.PagingParameters -> A:
    java.lang.Integer _pageSize -> a
    java.lang.Boolean OnlyNeedOneRow -> a
com.sellgirl.sgJavaHelper.PagingResult -> B:
    java.util.ArrayList data$7865b31 -> a
    java.lang.Object exData -> a
    com.sellgirl.sgJavaHelper.StoreColumnCollection columns -> a
    int total -> a
    void <init>() -> <init>
    void dispose() -> a
com.sellgirl.sgJavaHelper.ParseUrlUtil -> C:
    java.util.HashMap strUrlParas -> a
    void <init>() -> <init>
com.sellgirl.sgJavaHelper.SGAction -> D:
    void go(java.lang.Object,java.lang.Object,java.lang.Object) -> a
com.sellgirl.sgJavaHelper.SGActionThrowing -> E:
com.sellgirl.sgJavaHelper.SGDate -> F:
    java.util.Calendar _calendar -> a
    int _yearEnum -> b
    int _monthEnum -> c
    int _dayEnum -> d
    int _hourEnum -> e
    int _minuteEnum -> a
    int _secondEnum -> f
    com.sellgirl.sgJavaHelper.SGDate Now() -> a
    void <init>() -> <init>
    void <init>(java.time.LocalDateTime) -> <init>
    void <init>(java.util.Calendar) -> <init>
    void <init>(int,int,int,int,int,int) -> <init>
    int GetCalendarMonth(java.util.Calendar) -> a
    int GetYear() -> a
    int GetMonth() -> b
    int GetDay() -> c
    int GetHour() -> d
    com.sellgirl.sgJavaHelper.SGDate AddDays(int) -> a
    int compareTo(com.sellgirl.sgJavaHelper.SGDate) -> a
    boolean equals(java.lang.Object) -> equals
    java.lang.String toString() -> toString
    java.lang.Object clone() -> clone
    int compareTo(java.lang.Object) -> compareTo
    void <clinit>() -> <clinit>
com.sellgirl.sgJavaHelper.SGFunc -> G:
    java.lang.Object go$57fb6e09$11d1ef9f() -> a
com.sellgirl.sgJavaHelper.SGHttpHelper -> H:
    com.sellgirl.sgJavaHelper.SGRequestResult HttpRequest(org.apache.http.client.methods.HttpRequestBase,java.lang.String,java.lang.String,java.util.Map) -> a
com.sellgirl.sgJavaHelper.SGPathConfig -> I:
    java.lang.String _imagePath -> b
    java.lang.String _cssPath -> c
    java.lang.String _configPath -> a
    java.lang.String _dataBoxJsPath -> d
    void <init>() -> <init>
com.sellgirl.sgJavaHelper.SGRef -> J:
    java.lang.Object _value -> a
    void <init>(java.lang.Integer) -> <init>
    void <init>() -> <init>
    java.lang.String toString() -> toString
com.sellgirl.sgJavaHelper.SGRequestResult -> K:
    java.lang.String content -> a
    int statusCode -> a
    java.lang.String error -> b
    java.lang.Boolean success -> a
    java.lang.Boolean refuse -> b
    void <init>() -> <init>
    java.lang.String toString() -> toString
    void setError(java.lang.String) -> a
com.sellgirl.sgJavaHelper.SGSqlFieldTypeEnum -> L:
    com.sellgirl.sgJavaHelper.SGSqlFieldTypeEnum String -> a
    com.sellgirl.sgJavaHelper.SGSqlFieldTypeEnum Decimal -> b
    com.sellgirl.sgJavaHelper.SGSqlFieldTypeEnum BigDecimal -> c
    com.sellgirl.sgJavaHelper.SGSqlFieldTypeEnum Int -> d
    com.sellgirl.sgJavaHelper.SGSqlFieldTypeEnum Long -> e
    com.sellgirl.sgJavaHelper.SGSqlFieldTypeEnum DateTime -> f
    com.sellgirl.sgJavaHelper.SGSqlFieldTypeEnum Bool -> g
    com.sellgirl.sgJavaHelper.SGSqlFieldTypeEnum UUID -> h
    com.sellgirl.sgJavaHelper.SGSqlFieldTypeEnum Null -> i
    com.sellgirl.sgJavaHelper.SGSqlFieldTypeEnum Percent -> j
    void <init>(java.lang.String,int) -> <init>
    com.sellgirl.sgJavaHelper.SGSqlFieldTypeEnum InitByClass(java.lang.Class) -> a
    void <clinit>() -> <clinit>
com.sellgirl.sgJavaHelper.StoreColumn -> M:
    int _rowspan -> a
    int _colspan -> b
    java.lang.Boolean _visible -> b
    java.lang.Boolean _hasSummary -> a
    com.sellgirl.sgJavaHelper.SummaryType _summaryType -> a
    java.lang.String data -> a
    java.lang.String title -> b
    java.lang.String width -> c
    java.lang.String dataType -> d
    java.lang.Object summary -> a
    void <init>() -> <init>
    void <init>(java.lang.String) -> <init>
    void <init>(com.sellgirl.sgJavaHelper.PFDataColumn) -> <init>
    void <init>(com.sellgirl.sgJavaHelper.PFDataColumn,com.sellgirl.sgJavaHelper.PFModelConfig) -> <init>
com.sellgirl.sgJavaHelper.StoreColumnCollection -> N:
    void <init>() -> <init>
com.sellgirl.sgJavaHelper.SummaryType -> O:
    com.sellgirl.sgJavaHelper.SummaryType None -> a
    com.sellgirl.sgJavaHelper.SummaryType Sum -> b
    com.sellgirl.sgJavaHelper.SummaryType Average -> c
    com.sellgirl.sgJavaHelper.SummaryType Count -> d
    com.sellgirl.sgJavaHelper.SummaryType[] $VALUES -> a
    com.sellgirl.sgJavaHelper.SummaryType[] values() -> a
    void <init>(java.lang.String,int) -> <init>
    void <clinit>() -> <clinit>
com.sellgirl.sgJavaHelper.TreeListItemT -> P:
    java.util.List Children -> a
    void <init>() -> <init>
    java.util.List GetChildren() -> a
    void EachLeaf(java.util.function.Consumer) -> a
com.sellgirl.sgJavaHelper.UnicodeReader -> Q:
    java.io.PushbackInputStream internalIn -> a
    java.io.InputStreamReader internalIn2 -> a
    java.lang.String defaultEnc -> a
    void <init>(java.io.InputStream,java.lang.String) -> <init>
    void init() -> a
    void close() -> close
    int read(char[],int,int) -> read
com.sellgirl.sgJavaHelper.config.PFAppConfig -> R:
com.sellgirl.sgJavaHelper.config.PFAppConfigBase -> S:
com.sellgirl.sgJavaHelper.config.SGDataHelper -> com.sellgirl.sgJavaHelper.config.SGDataHelper:
    java.lang.String version -> version
    com.sellgirl.sgJavaHelper.config.PFAppConfig _appConfig -> a
    java.lang.String PID -> PID
    java.lang.String encoding -> encoding
    int HTTP_STATUS_OK -> HTTP_STATUS_OK
    com.sellgirl.sgJavaHelper.PFCmonth SysMaxMonth -> SysMaxMonth
    com.sellgirl.sgJavaHelper.PFCmonth SysMinMonth -> SysMinMonth
    com.sellgirl.sgJavaHelper.model.PFEnvir CurrentEnvironmental -> CurrentEnvironmental
    int DecimalPrecision -> DecimalPrecision
    java.lang.String SiteDomain -> SiteDomain
    java.lang.String SSOSiteDomain -> SSOSiteDomain
    java.lang.String CookieDomain -> CookieDomain
    com.sellgirl.sgJavaHelper.log.ISGLog sgLog -> sgLog
    java.lang.String deviceName -> a
    java.util.HashMap appArg -> appArg
    java.lang.Object _appArgT -> _appArgT
    java.text.SimpleDateFormat idcardDateFormat -> a
    com.sellgirl.sgJavaHelper.ISGConfigMapper _configMapper -> _configMapper
    java.lang.String _baseDirectory -> _baseDirectory
    java.lang.String _baseDirectoryAbsolutePath -> _baseDirectoryAbsolutePath
    java.lang.String DateFormat -> DateFormat
    java.lang.String MonthFormat -> MonthFormat
    java.lang.String DayFormat -> DayFormat
    java.lang.String YMFormat -> YMFormat
    java.lang.String YMDFormat -> YMDFormat
    com.sellgirl.sgJavaHelper.SGDate MinTime -> MinTime
    com.sellgirl.sgJavaHelper.SGDate MaxTime -> MaxTime
    char chfrom -> a
    int chend -> a
    boolean isCollectingGC -> a
    java.util.concurrent.ConcurrentHashMap _cachedProperties -> a
    java.util.concurrent.locks.ReentrantReadWriteLock LogWriteLock$77e13aba -> a
    com.sellgirl.sgJavaHelper.config.SGDataHelper$7 _specDataChar$5a983bf5 -> a
    int WebAndExcelSizeRate -> b
    java.util.concurrent.ConcurrentHashMap _recentHistory -> b
    void <init>(com.sellgirl.sgJavaHelper.config.PFAppConfig) -> <init>
    java.util.HashMap getAppArg() -> getAppArg
    void setAppArg(java.lang.String[]) -> setAppArg
    java.lang.String getOneAppArg(java.lang.Class,java.util.function.Function) -> getOneAppArg
    java.lang.Boolean objectToBool(java.lang.Object) -> objectToBool
    java.lang.String zeroOnTheLeft(int,int) -> zeroOnTheLeft
    java.lang.String ObjectToString(java.lang.Object) -> ObjectToString
    java.lang.String ObjectToString0(java.lang.Object) -> ObjectToString0
    java.lang.Double ObjectToDouble(java.lang.Object) -> ObjectToDouble
    double ObjectToDouble0(java.lang.Object) -> ObjectToDouble0
    java.math.BigDecimal ObjectToDecimal(java.lang.Object) -> ObjectToDecimal
    java.math.BigDecimal ObjectToDecimal0(java.lang.Object) -> ObjectToDecimal0
    java.lang.Integer ObjectToInt(java.lang.Object) -> ObjectToInt
    int ObjectToInt0(java.lang.Object) -> ObjectToInt0
    java.lang.Boolean ObjectToBool(java.lang.Object) -> ObjectToBool
    boolean ObjectToBool0(java.lang.Object) -> ObjectToBool0
    java.util.Calendar ObjectToDateTime(java.lang.Object) -> ObjectToDateTime
    java.lang.Long ObjectToTimestampLong(java.lang.Object,boolean) -> ObjectToTimestampLong
    long ObjectToTimestampLong0(java.lang.Object,boolean) -> ObjectToTimestampLong0
    java.sql.Timestamp ObjectToTimestamp(java.lang.Object,boolean) -> ObjectToTimestamp
    java.sql.Timestamp ObjectToTimestamp0(java.lang.Object,boolean) -> ObjectToTimestamp0
    float getFloatPrecision(float,int) -> getFloatPrecision
    java.time.LocalDateTime ObjectToLocalDateTime(java.lang.Object) -> ObjectToLocalDateTime
    java.io.Serializable CopyObject(java.io.Serializable) -> CopyObject
    java.io.Serializable readObject(java.lang.String,com.sellgirl.sgJavaHelper.config.SGDataHelper$LocalDataType) -> readObject
    void writeObject(java.io.Serializable,java.lang.String,com.sellgirl.sgJavaHelper.config.SGDataHelper$LocalDataType) -> writeObject
    java.util.Map getFileSize(long,com.sellgirl.sgJavaHelper.sgEnum.SGFlagEnum) -> getFileSize
    java.lang.String formatFileSize(long,com.sellgirl.sgJavaHelper.sgEnum.SGFlagEnum) -> formatFileSize
    java.lang.Float stringToFloat(java.lang.String) -> stringToFloat
    java.util.Calendar StringToDateTime(java.lang.String) -> StringToDateTime
    java.util.Calendar StringToDateTime(java.lang.String,java.lang.String) -> StringToDateTime
    java.util.Calendar IDCardToBirthDay(java.lang.Object) -> IDCardToBirthDay
    java.util.Map identityCard18(java.lang.String) -> identityCard18
    java.util.Map identityCard15(java.lang.String) -> identityCard15
    java.lang.String IDCardToSex(java.lang.Object) -> IDCardToSex
    java.lang.Integer GetAge(java.lang.Object) -> GetAge
    com.sellgirl.sgJavaHelper.SGDate GetStandardTime(java.util.List,com.sellgirl.sgJavaHelper.SGDate) -> GetStandardTime
    java.lang.Enum ObjectToEnum(java.lang.Class,java.lang.Object) -> ObjectToEnum
    java.util.ArrayList ObjectToList(java.lang.Object) -> ObjectToList
    java.lang.Object[] ObjectToArray(java.lang.Object,java.lang.Class) -> ObjectToArray
    java.lang.Object ConvertObjectByClass(java.lang.Object,java.lang.Class,java.lang.Class) -> ConvertObjectByClass
    java.lang.Object ConvertObjectByType(java.lang.Object,java.lang.reflect.Type,java.lang.reflect.Type) -> ConvertObjectByType
    java.lang.Object ConvertObjectToSqlTypeByPFType(java.lang.Object,com.sellgirl.sgJavaHelper.SGSqlFieldTypeEnum,int,java.lang.String) -> ConvertObjectToSqlTypeByPFType
    java.lang.Object ConvertObjectToSqlTypeByPFType(java.lang.Object,com.sellgirl.sgJavaHelper.SGSqlFieldTypeEnum,int) -> ConvertObjectToSqlTypeByPFType
    com.sellgirl.sgJavaHelper.IPFSqlFieldTypeConverter GetObjectToSqlTypeByPFTypeConverter(java.lang.Object,com.sellgirl.sgJavaHelper.SGSqlFieldTypeEnum,int,java.lang.String,java.lang.Integer) -> GetObjectToSqlTypeByPFTypeConverter
    com.sellgirl.sgJavaHelper.IPFSqlFieldTypeConverter GetObjectToSqlTypeByPFTypeConverter0(java.lang.Object,com.sellgirl.sgJavaHelper.SGSqlFieldTypeEnum,int,java.lang.String,java.lang.Integer) -> GetObjectToSqlTypeByPFTypeConverter0
    com.sellgirl.sgJavaHelper.IPFSqlFieldTypeConverter GetObjectToSqlTypeByPFTypeFaultTolerantConverter0(java.lang.Object,com.sellgirl.sgJavaHelper.SGSqlFieldTypeEnum,int,java.lang.String,java.lang.Integer) -> GetObjectToSqlTypeByPFTypeFaultTolerantConverter0
    com.sellgirl.sgJavaHelper.IPFSqlFieldTypeConverter GetObjectToSqlTypeByPFTypeFaultTolerantConverter(java.lang.Object,com.sellgirl.sgJavaHelper.SGSqlFieldTypeEnum,int,java.lang.String,java.lang.Integer) -> GetObjectToSqlTypeByPFTypeFaultTolerantConverter
    com.sellgirl.sgJavaHelper.IPFSqlFieldTypeConverter GetObjectToPFTypeBySqlTypeConverter(java.lang.Object,int,com.sellgirl.sgJavaHelper.PFSqlFieldType) -> GetObjectToPFTypeBySqlTypeConverter
    com.sellgirl.sgJavaHelper.IPFSqlFieldTypeConverter GetObjectToPFTypeBySqlTypeConverter(java.lang.Object,int,com.sellgirl.sgJavaHelper.SGSqlFieldTypeEnum) -> GetObjectToPFTypeBySqlTypeConverter
    com.sellgirl.sgJavaHelper.IPFSqlFieldTypeConverter GetObjectToPFTypeBySqlTypeConverter0(java.lang.Object,int,com.sellgirl.sgJavaHelper.PFSqlFieldType) -> GetObjectToPFTypeBySqlTypeConverter0
    com.sellgirl.sgJavaHelper.IPFSqlFieldTypeConverter GetObjectToPFTypeBySqlTypeConverter0(java.lang.Object,int,com.sellgirl.sgJavaHelper.SGSqlFieldTypeEnum) -> GetObjectToPFTypeBySqlTypeConverter0
    void DisaposeObject(java.lang.Object) -> DisaposeObject
    boolean IsObjectEquals(java.lang.Object,java.lang.Object) -> IsObjectEquals
    boolean IsPFValueEquals(java.lang.Object,java.lang.Object) -> IsPFValueEquals
    java.lang.String TimeStampToDateString(long,java.lang.String) -> TimeStampToDateString
    java.lang.Boolean ObjectIsNull(java.lang.Object) -> ObjectIsNull
    java.lang.Boolean StringIsNullOrWhiteSpace(java.lang.Object) -> StringIsNullOrWhiteSpace
    java.lang.Boolean StringIsNullOrWhiteSpace(java.lang.String) -> StringIsNullOrWhiteSpace
    java.lang.String StringInsert(java.lang.String,int,java.lang.String) -> StringInsert
    java.lang.String FormatString(java.lang.String,java.lang.Object[]) -> FormatString
    java.lang.Boolean HttpGetPageByPage(java.lang.reflect.Type,int,java.util.function.Function,java.util.function.Function,java.util.function.Consumer,java.util.function.Consumer,java.util.function.Function,java.lang.String,java.util.function.Consumer) -> HttpGetPageByPage
    java.lang.String getURLDecoderString(java.lang.String) -> getURLDecoderString
    java.lang.String getURLEncoderString(java.lang.String,java.lang.String) -> getURLEncoderString
    java.lang.String getURLEncoderString(java.lang.String) -> getURLEncoderString
    java.lang.String encodeBase64(java.lang.String) -> encodeBase64
    java.lang.String decodeBase64(java.lang.String) -> decodeBase64
    java.lang.Boolean EnumHasFlag(int,int) -> EnumHasFlag
    java.lang.Boolean EnumAnyFlag(int,int) -> EnumAnyFlag
    com.sellgirl.sgJavaHelper.time.SGTimeSpan GetTimeSpan(long,java.lang.Integer) -> GetTimeSpan
    int compareDate(java.util.Calendar,java.util.Calendar,int) -> compareDate
    void RcpExport(java.lang.Object,int) -> RcpExport
    java.lang.Object RcpRefer(java.lang.Class,java.lang.String,int) -> RcpRefer
    java.lang.Boolean TryParseInt(java.lang.Object,com.sellgirl.sgJavaHelper.SGRef) -> TryParseInt
    java.lang.String GetBaseDirectory() -> GetBaseDirectory
    java.lang.String GetBaseDirectoryAbsolutePath() -> GetBaseDirectoryAbsolutePath
    com.sellgirl.sgJavaHelper.config.PFAppConfig GetAppConfig() -> GetAppConfig
    java.lang.Boolean IsDebug() -> IsDebug
    java.lang.Boolean UseLocalData() -> UseLocalData
    java.lang.Boolean PreventFgs() -> PreventFgs
    java.lang.Boolean AllowAutoLogin() -> AllowAutoLogin
    long CheckMessageInterval() -> CheckMessageInterval
    java.lang.String GetNewUniqueHashId() -> GetNewUniqueHashId
    java.lang.String ObjectToDateString(java.lang.Object,java.lang.String) -> ObjectToDateString
    java.lang.String ObjectToDateString(java.lang.Object) -> ObjectToDateString
    java.lang.String DateToCMonth(java.util.Calendar) -> DateToCMonth
    java.lang.String DateToCMonth(com.sellgirl.sgJavaHelper.SGDate) -> DateToCMonth
    java.lang.String DateToYM(java.util.Calendar) -> DateToYM
    java.util.Calendar CMonthToDate(java.lang.String) -> CMonthToDate
    java.lang.String CMonthAddMonths(java.lang.String,int) -> CMonthAddMonths
    java.lang.String CMonthAddYears(java.lang.String,int) -> CMonthAddYears
    java.lang.String Thousandth(java.lang.Object) -> Thousandth
    com.sellgirl.sgJavaHelper.PFCharType GetCharType(char) -> GetCharType
    com.sellgirl.sgJavaHelper.PFCharTypeEnum GetCharTypeEnum(char) -> GetCharTypeEnum
    boolean isCnChar(char) -> isCnChar
    boolean isJapaneseChar(char) -> isJapaneseChar
    int GetWordsCharLengthOut(java.lang.String,com.sellgirl.sgJavaHelper.SGRef,com.sellgirl.sgJavaHelper.SGRef) -> GetWordsCharLengthOut
    int GetWordsCharLength(java.lang.String) -> GetWordsCharLength
    java.lang.String SetWordsCharLength(java.lang.String,int) -> SetWordsCharLength
    java.lang.Boolean StringHasChineseChar(java.lang.String) -> StringHasChineseChar
    java.lang.String GetWordsWidth(java.lang.String,java.lang.Integer,java.lang.Integer,java.lang.Integer,java.lang.String) -> GetWordsWidth
    java.lang.Long ObjectToLong(java.lang.Object) -> ObjectToLong
    java.util.function.Function GetObjectToLongConverter(java.lang.Object) -> GetObjectToLongConverter
    java.lang.Long ObjectToLong0(java.lang.Object) -> ObjectToLong0
    java.util.List DataTableToList(com.sellgirl.sgJavaHelper.PFDataTable,java.lang.Class,com.sellgirl.sgJavaHelper.SGAction) -> DataTableToList
    java.util.Map ListToMap(java.util.List,java.util.function.Function,java.util.function.Function) -> ListToMap
    java.util.Map ListToMapT(java.util.List,java.util.function.Function,java.util.function.Function) -> ListToMapT
    java.lang.String escapeCsv(java.lang.String) -> escapeCsv
    java.lang.String escapeCsv2(java.lang.String) -> escapeCsv2
    java.lang.String escapeCsv3(java.lang.String) -> escapeCsv3
    void listToCsv(java.util.List,java.lang.String) -> listToCsv
    java.util.List ListSelect(java.util.List,java.util.function.Function) -> ListSelect
    java.lang.Object ListFirst(java.util.List,java.util.function.Function) -> ListFirst
    java.lang.Object ListFirstOrDefault(java.util.List,java.util.function.Function) -> ListFirstOrDefault
    java.util.List ListWhere(java.util.List,java.util.function.Function) -> ListWhere
    java.lang.Boolean ListAny(java.util.List,java.util.function.Function) -> ListAny
    java.util.List MapSelect(java.util.Map,java.util.function.BiFunction) -> MapSelect
    java.lang.Boolean MapAny(java.util.Map,java.util.function.Function) -> MapAny
    java.lang.Object[] ArrayWhere(java.lang.Class,java.lang.Object[],java.util.function.Function) -> ArrayWhere
    java.lang.Boolean ArrayAny(java.lang.Object[],java.util.function.Function) -> ArrayAny
    java.lang.Object[] ArraySelect(java.lang.Class,java.lang.Object[],java.util.function.Function) -> ArraySelect
    java.lang.Object map2Object(java.util.Map,java.lang.Class) -> map2Object
    java.util.Map ObjectAsMap2(java.lang.Object,java.util.Map) -> ObjectAsMap2
    java.util.Map ObjectAsMap(java.lang.Object) -> ObjectAsMap
    java.lang.Object ObjectAs(java.lang.Object) -> ObjectAs
    com.sellgirl.sgJavaHelper.PFDataTable DictListToDataTable(java.util.List) -> DictListToDataTable
    java.math.BigDecimal ColumnTotal(com.sellgirl.sgJavaHelper.PFDataTable,java.lang.String) -> ColumnTotal
    com.sellgirl.sgJavaHelper.PFDataTable DataTableFilter(com.sellgirl.sgJavaHelper.PFDataTable,java.lang.String) -> DataTableFilter
    java.lang.Boolean IsFilterFitRow(com.sellgirl.sgJavaHelper.PFDataRow,java.lang.String[]) -> IsFilterFitRow
    com.sellgirl.sgJavaHelper.PFDataTable DataPager(com.sellgirl.sgJavaHelper.PFDataTable,int,int) -> DataPager
    java.lang.Boolean IsColumnCompute(com.sellgirl.sgJavaHelper.PFDataColumn) -> IsColumnCompute
    com.sellgirl.sgJavaHelper.PFDataTable DataTableGroupBy(com.sellgirl.sgJavaHelper.PFDataTable,java.lang.String[],com.sellgirl.sgJavaHelper.PFKeyValueCollection) -> DataTableGroupBy
    void GCCollect(java.lang.Boolean) -> GCCollect
    void GCCollect() -> GCCollect
    void GCCollectAsync(java.lang.Boolean) -> GCCollectAsync
    java.util.List MergeList(java.util.List) -> MergeList
    com.sellgirl.sgJavaHelper.ISGConfigMapper GetConfigMapper() -> GetConfigMapper
    void SetConfigMapper(com.sellgirl.sgJavaHelper.ISGConfigMapper) -> SetConfigMapper
    java.lang.String getDeviceName() -> getDeviceName
    void setDeviceName(java.lang.String) -> setDeviceName
    java.lang.Object getBeanInstance(java.lang.Class) -> getBeanInstance
    com.sellgirl.sgJavaHelper.PFModelConfigCollection MergeModelConfig(com.sellgirl.sgJavaHelper.PFModelConfigCollection[]) -> MergeModelConfig
    com.sellgirl.sgJavaHelper.PFModelConfigCollection GetMultiModelConfig(java.lang.String) -> GetMultiModelConfig
    com.sellgirl.sgJavaHelper.PFModelConfigCollection GetModelConfig(java.lang.String,java.lang.String) -> GetModelConfig
    com.sellgirl.sgJavaHelper.PFSqlFieldType GetPFTypeByString(java.lang.String) -> GetPFTypeByString
    com.sellgirl.sgJavaHelper.PFSqlFieldType GetPFTypeBySqlType(int) -> GetPFTypeBySqlType
    com.sellgirl.sgJavaHelper.SGSqlFieldTypeEnum GetPFTypeBySqlType2(int,java.lang.String) -> GetPFTypeBySqlType2
    boolean IsChineseSqlType(int,java.lang.String) -> IsChineseSqlType
    boolean IsMaxLengthSqlType(int,java.lang.String) -> IsMaxLengthSqlType
    java.lang.Class GetTypeByString(java.lang.String) -> GetTypeByString
    java.lang.Class GetTypeBySqlType(int,java.lang.String) -> GetTypeBySqlType
    java.lang.String GetStringByType(java.lang.reflect.Type) -> GetStringByType
    java.lang.String GetStringByType(java.lang.Class) -> GetStringByType
    java.util.Calendar GetYearStart(java.util.Calendar) -> GetYearStart
    java.util.Calendar GetYearEnd(java.util.Calendar) -> GetYearEnd
    java.util.Calendar GetMonthStart(java.util.Calendar) -> GetMonthStart
    java.util.Calendar GetMonthEnd(java.util.Calendar) -> GetMonthEnd
    java.util.Calendar GetDayStart(java.util.Calendar) -> GetDayStart
    java.util.Calendar GetDayEnd(java.util.Calendar) -> GetDayEnd
    long CountTime(java.util.function.Consumer) -> CountTime
    java.lang.String getHashMD5ByStream(java.io.InputStream) -> getHashMD5ByStream
    java.lang.String GetHashMD5(java.io.File) -> GetHashMD5
    java.util.Map GetProperties(java.lang.reflect.Type) -> GetProperties
    java.util.Map GetIDictionaryValues(java.lang.Object) -> GetIDictionaryValues
    void EachObjectProperty(java.lang.Object,com.sellgirl.sgJavaHelper.SGAction) -> EachObjectProperty
    void EachObjectPropertyType(java.lang.Object,com.sellgirl.sgJavaHelper.SGAction) -> EachObjectPropertyType
    void ClassEachPropertyType(java.lang.Class,com.sellgirl.sgJavaHelper.SGAction) -> ClassEachPropertyType
    java.util.Map GetQueryStringParams(java.lang.String) -> GetQueryStringParams
    void EnsureFilePath(java.lang.String) -> EnsureFilePath
    void SaveStringToFile(java.lang.String,java.lang.String) -> SaveStringToFile
    void WriteLinesToFile(java.util.List,java.lang.String) -> WriteLinesToFile
    void WriteLinesToFile(java.util.List,java.lang.String,boolean) -> WriteLinesToFile
    java.util.List ReadFileToLines(java.lang.String) -> ReadFileToLines
    java.lang.String ReadFileToString(java.lang.String) -> ReadFileToString
    java.lang.String ReadLocalJson(java.lang.String) -> ReadLocalJson
    void WriteLocalJson(java.lang.String,java.lang.String) -> WriteLocalJson
    java.lang.String ReadLocalTxt(java.lang.String) -> ReadLocalTxt
    void WriteLocalDataTable(com.sellgirl.sgJavaHelper.PFDataTable,java.lang.String) -> WriteLocalDataTable
    com.sellgirl.sgJavaHelper.PFDataTable ReadLocalDataTable(java.lang.String) -> ReadLocalDataTable
    void WriteLocalTxt(java.lang.String,java.lang.String) -> WriteLocalTxt
    void WriteLocalTxt(java.lang.String,java.lang.String,com.sellgirl.sgJavaHelper.config.SGDataHelper$LocalDataType) -> WriteLocalTxt
    java.lang.String ReadLocalTxt(java.lang.String,com.sellgirl.sgJavaHelper.config.SGDataHelper$LocalDataType) -> ReadLocalTxt
    void DeleteLocalTxtFile(java.lang.String,com.sellgirl.sgJavaHelper.config.SGDataHelper$LocalDataType) -> DeleteLocalTxtFile
    java.lang.String ReadLocalResource(java.lang.String) -> ReadLocalResource
    java.lang.String readLocalResource2(java.net.URL,int) -> readLocalResource2
    java.lang.String readAnylResource(java.lang.String,int) -> readAnylResource
    java.lang.String streamToString(java.io.InputStream,boolean,int) -> a
    boolean isUrlExist(java.net.URL) -> isUrlExist
    java.lang.String ReadLocalResourceWithEnvironmentVariable(java.lang.String) -> ReadLocalResourceWithEnvironmentVariable
    com.sellgirl.sgJavaHelper.log.ISGLog getLog() -> getLog
    void DoWriteLog$75ba1f9b(java.io.Serializable,java.lang.String) -> a
    void DeleteLog(com.sellgirl.sgJavaHelper.SGDate) -> DeleteLog
    java.lang.String getLineInfo(java.lang.Throwable) -> getLineInfo
    void WriteError(java.lang.Throwable,java.lang.Exception) -> WriteError
    void WriteErrors(java.util.List) -> WriteErrors
    java.lang.String getErrorFullString(java.lang.Throwable) -> getErrorFullString
    void WriteError(java.lang.Exception) -> WriteError
    void WriteLog(java.lang.String) -> WriteLog
    java.lang.String ReadError(java.lang.String) -> ReadError
    com.sellgirl.sgJavaHelper.PFKeyValueCollection readUserSetting(java.lang.String) -> readUserSetting
    void writeUserSetting(java.lang.String,java.util.function.Consumer) -> writeUserSetting
    java.io.File urlToFile(java.net.URL) -> urlToFile
    java.util.Map GetFuncAuthorityClass(java.util.List) -> GetFuncAuthorityClass
    java.util.Map GetFuncAuthorityClass(java.util.List,com.sellgirl.sgJavaHelper.SGRef) -> GetFuncAuthorityClass
    double getAngle(com.sellgirl.sgJavaHelper.PFPoint,com.sellgirl.sgJavaHelper.PFPoint) -> a
    java.lang.String backgroundImg(java.awt.Dimension,java.awt.Image,java.awt.Dimension,com.sellgirl.sgJavaHelper.PFLine,java.awt.Color,java.lang.Boolean) -> backgroundImg
    java.awt.image.BufferedImage backgroundImgInBuffer(com.sellgirl.sgJavaHelper.SGRef,com.sellgirl.sgJavaHelper.SGRef,java.awt.image.BufferedImage,java.awt.Dimension,java.awt.Image,java.awt.Dimension,com.sellgirl.sgJavaHelper.PFLine,com.sellgirl.sgJavaHelper.PFLine,java.awt.Color,java.lang.Boolean) -> backgroundImgInBuffer
    java.lang.String EncodeDataChar(java.lang.String) -> a
    java.lang.Object GetColumnSummary(com.sellgirl.sgJavaHelper.PFDataTable,java.lang.String,com.sellgirl.sgJavaHelper.SummaryType) -> a
    java.lang.String GetRandomNo(com.sellgirl.sgJavaHelper.SGRef,int) -> GetRandomNo
    com.sellgirl.sgJavaHelper.PagingResult PagingStore(com.sellgirl.sgJavaHelper.PFDataTable,com.sellgirl.sgJavaHelper.PagingParameters,com.sellgirl.sgJavaHelper.StoreColumnCollection,java.lang.Boolean,java.lang.String) -> PagingStore
    java.lang.Double WebWidthToExcel(java.lang.String) -> WebWidthToExcel
    java.lang.String ExcelWidthToWeb(java.lang.Double) -> ExcelWidthToWeb
    java.lang.String ScientificNotation(double) -> ScientificNotation
    java.lang.String GetWindowsSystemPID(java.lang.String[]) -> a
    com.sellgirl.sgJavaHelper.model.SysType GetSysType() -> GetSysType
    java.lang.String GetSystemPID(java.lang.String[]) -> GetSystemPID
    void ShutdownSpringBootForWindowsSystem(java.lang.String[]) -> ShutdownSpringBootForWindowsSystem
    void ShutdownSpringBootForWindowsSystemByPID(java.lang.String) -> ShutdownSpringBootForWindowsSystemByPID
    java.lang.String setUrlParams(java.lang.String,java.util.HashMap) -> setUrlParams
    void SetObjectPropertyByUpdateCollection(java.lang.Object,com.sellgirl.sgJavaHelper.sql.BaseSqlUpdateCollection) -> SetObjectPropertyByUpdateCollection
    java.util.List averageAssign(java.util.List,int) -> averageAssign
    java.util.List averageAssignBySize(java.util.List,int) -> averageAssignBySize
    void ReTry(com.sellgirl.sgJavaHelper.SGActionThrowing,int) -> ReTry
    void ReTry(com.sellgirl.sgJavaHelper.SGActionThrowing) -> ReTry
    java.util.List getClasses(java.io.File,java.lang.String) -> getClasses
    java.util.List getClasses(java.lang.Class) -> getClasses
    java.util.List getClassesInJarFile(java.lang.Class) -> getClassesInJarFile
    void getClassesTest(java.lang.Class) -> getClassesTest
    java.util.List getAllAssignedClass(java.lang.Class,java.lang.Class) -> getAllAssignedClass
    org.apache.commons.lang3.tuple.Pair GuessNumber(java.lang.Integer,java.util.function.Function,java.lang.Integer,com.sellgirl.sgJavaHelper.SGFunc) -> GuessNumber
    void StopThread(java.lang.Thread,int) -> StopThread
    boolean IsNormalDeviation(int,int,int) -> IsNormalDeviation
    boolean IsNormalDeviation(java.math.BigDecimal,java.math.BigDecimal,int) -> IsNormalDeviation
    boolean SendMobileMessage(java.lang.String[],java.lang.String) -> SendMobileMessage
    boolean DoIfNoRecent(java.lang.String,java.util.function.Consumer,int) -> DoIfNoRecent
    java.util.List GetPossibilityCombination(java.util.List) -> GetPossibilityCombination
    double sin(double,double) -> sin
    double getAngle(float,float,float,float,float,float) -> getAngle
    double getLightStrong(float,float,float,float,float,float) -> getLightStrong
    double getSunlightStrong(double,com.sellgirl.sgJavaHelper.SGDate) -> getSunlightStrong
    float mapXYOld(float,float) -> mapXYOld
    float mapXY(float,float) -> mapXY
    float reverse(float) -> reverse
    float[] mapXYReverse(float) -> mapXYReverse
    float mapXYZ(float,float,float) -> mapXYZ
    boolean isBomHead(byte[]) -> isBomHead
    int compareVersion(java.lang.String,java.lang.String) -> compareVersion
    double graduallyApproachingXToY(double,double,double,double) -> graduallyApproachingXToY
    java.lang.Boolean lambda$ShutdownSpringBootForWindowsSystem$35(java.lang.String,java.lang.String) -> a
    java.lang.Boolean lambda$GetWindowsSystemPID$34(java.lang.String,java.lang.String) -> b
    void lambda$PagingStore$33(com.sellgirl.sgJavaHelper.PFDataTable[],com.sellgirl.sgJavaHelper.StoreColumn) -> a
    void lambda$PagingStore$32(java.util.List,java.util.Map,com.sellgirl.sgJavaHelper.PFDataRow,com.sellgirl.sgJavaHelper.StoreColumn) -> a
    java.lang.Boolean lambda$PagingStore$31(com.sellgirl.sgJavaHelper.PFDataColumn) -> a
    java.lang.String lambda$writeUserSetting$30(com.sellgirl.sgJavaHelper.PFKeyValue) -> a
    java.lang.Boolean lambda$GetModelConfig$29(java.lang.String,java.lang.String,com.sellgirl.sgJavaHelper.PFModelConfigMapper) -> a
    void lambda$GCCollectAsync$28(java.lang.Boolean) -> a
    java.lang.Boolean lambda$IsFilterFitRow$27(java.lang.String,com.sellgirl.sgJavaHelper.PFDataColumn) -> a
    java.lang.Object lambda$GetObjectToLongConverter$26(java.lang.Object) -> a
    java.lang.Object lambda$GetObjectToLongConverter$25(java.lang.Object) -> b
    java.lang.Object lambda$GetObjectToLongConverter$24(java.lang.Object) -> c
    java.lang.Object lambda$GetObjectToLongConverter$23(java.lang.Object) -> d
    java.lang.String lambda$HttpGetPageByPage$22(int,java.lang.String) -> a
    java.lang.Object lambda$GetObjectToPFTypeBySqlTypeConverter0$21(java.lang.Object) -> e
    java.lang.Object lambda$GetObjectToPFTypeBySqlTypeConverter0$20(java.lang.Object) -> f
    java.lang.Object lambda$GetObjectToPFTypeBySqlTypeConverter$19(java.lang.Object) -> g
    java.lang.Object lambda$GetObjectToPFTypeBySqlTypeConverter$18(java.lang.Object) -> h
    java.lang.Object lambda$GetObjectToSqlTypeByPFTypeFaultTolerantConverter0$17(java.lang.Object) -> i
    java.lang.Object lambda$GetObjectToSqlTypeByPFTypeFaultTolerantConverter0$16(java.lang.String,java.lang.Object) -> a
    java.lang.Object lambda$GetObjectToSqlTypeByPFTypeFaultTolerantConverter0$15(java.lang.String,java.lang.Object) -> b
    java.lang.Object lambda$GetObjectToSqlTypeByPFTypeFaultTolerantConverter0$14(java.lang.Object) -> j
    java.lang.Object lambda$GetObjectToSqlTypeByPFTypeFaultTolerantConverter0$13(java.lang.Object) -> k
    java.lang.Object lambda$GetObjectToSqlTypeByPFTypeFaultTolerantConverter0$12(java.lang.Object) -> l
    java.lang.Object lambda$GetObjectToSqlTypeByPFTypeFaultTolerantConverter0$11(java.lang.Object) -> m
    java.lang.Object lambda$GetObjectToSqlTypeByPFTypeFaultTolerantConverter0$10(java.lang.Object) -> n
    java.lang.Object lambda$GetObjectToSqlTypeByPFTypeFaultTolerantConverter0$9(java.lang.Object) -> o
    java.lang.Object lambda$GetObjectToSqlTypeByPFTypeFaultTolerantConverter0$8(java.lang.Object) -> p
    java.lang.Object lambda$GetObjectToSqlTypeByPFTypeFaultTolerantConverter0$7(java.lang.Object) -> q
    java.lang.Object lambda$GetObjectToSqlTypeByPFTypeFaultTolerantConverter0$6(java.lang.Object) -> r
    java.lang.Object lambda$GetObjectToSqlTypeByPFTypeFaultTolerantConverter0$5(java.lang.Object) -> s
    java.lang.Object lambda$GetObjectToSqlTypeByPFTypeFaultTolerantConverter0$4(java.lang.Object) -> t
    java.lang.Object lambda$GetObjectToSqlTypeByPFTypeFaultTolerantConverter0$3(java.lang.Object) -> u
    java.lang.Object lambda$GetObjectToSqlTypeByPFTypeConverter0$2(java.lang.Object) -> v
    java.lang.Object lambda$GetObjectToSqlTypeByPFTypeConverter$1(java.lang.Object) -> w
    boolean lambda$GetStandardTime$0(com.sellgirl.sgJavaHelper.SGDate,com.sellgirl.sgJavaHelper.SGDate) -> a
    java.util.concurrent.locks.ReadWriteLock access$000() -> a
    void <clinit>() -> <clinit>
com.sellgirl.sgJavaHelper.config.SGDataHelper$1 -> T:
    java.net.Socket val$socket -> a
    java.lang.Object val$service -> a
    void <init>(java.net.Socket,java.lang.Object) -> <init>
    void run() -> run
com.sellgirl.sgJavaHelper.config.SGDataHelper$10 -> U:
    java.util.ArrayList val$arrayList -> b
    com.sellgirl.sgJavaHelper.StoreColumnCollection[] val$headerRef -> a
    int[] val$totalRef -> a
    void <init>(java.util.ArrayList,com.sellgirl.sgJavaHelper.StoreColumnCollection[],int[]) -> <init>
com.sellgirl.sgJavaHelper.config.SGDataHelper$11 -> V:
    java.lang.Thread val$t -> a
    boolean[] val$isEnd -> a
    void <init>(java.lang.Thread,boolean[]) -> <init>
    void run() -> run
com.sellgirl.sgJavaHelper.config.SGDataHelper$12 -> W:
    java.util.List val$arr -> a
    void <init>(java.util.List) -> <init>
com.sellgirl.sgJavaHelper.config.SGDataHelper$13 -> X:
    int[] $SwitchMap$com$sellgirl$sgJavaHelper$SummaryType -> a
    void <clinit>() -> <clinit>
com.sellgirl.sgJavaHelper.config.SGDataHelper$2 -> Y:
    java.lang.String val$host -> a
    int val$port -> a
    void <init>(java.lang.String,int) -> <init>
    java.lang.Object invoke(java.lang.Object,java.lang.reflect.Method,java.lang.Object[]) -> invoke
com.sellgirl.sgJavaHelper.config.SGDataHelper$3 -> Z:
    int val$i2 -> a
    java.util.ArrayList val$heads -> a
    java.util.ArrayList val$values -> b
    void <init>(int,java.util.ArrayList,java.util.ArrayList) -> <init>
    void go(java.lang.Object,java.lang.Object,java.lang.Object) -> a
com.sellgirl.sgJavaHelper.config.SGDataHelper$4 -> aa:
    java.lang.String val$name -> a
    void <init>(java.lang.String) -> <init>
com.sellgirl.sgJavaHelper.config.SGDataHelper$5 -> ab:
    java.lang.Object val$e -> a
    java.lang.String val$filePrev -> a
    void <init>(java.lang.Object,java.lang.String) -> <init>
    void run() -> run
com.sellgirl.sgJavaHelper.config.SGDataHelper$6 -> ac:
    com.sellgirl.sgJavaHelper.SGDate[] val$dateBeforeArr -> a
    void <init>(com.sellgirl.sgJavaHelper.SGDate[]) -> <init>
    void run() -> run
com.sellgirl.sgJavaHelper.config.SGDataHelper$7 -> ad:
    void <init>() -> <init>
com.sellgirl.sgJavaHelper.config.SGDataHelper$8 -> ae:
    com.sellgirl.sgJavaHelper.StoreColumnCollection[] val$headerRef -> a
    void <init>(com.sellgirl.sgJavaHelper.StoreColumnCollection[]) -> <init>
com.sellgirl.sgJavaHelper.config.SGDataHelper$9 -> af:
    com.sellgirl.sgJavaHelper.StoreColumnCollection[] val$headerRef -> a
    void <init>(com.sellgirl.sgJavaHelper.StoreColumnCollection[]) -> <init>
com.sellgirl.sgJavaHelper.config.SGDataHelper$LocalDataType -> ag:
    com.sellgirl.sgJavaHelper.config.SGDataHelper$LocalDataType System -> b
    com.sellgirl.sgJavaHelper.config.SGDataHelper$LocalDataType Deletable -> c
    com.sellgirl.sgJavaHelper.config.SGDataHelper$LocalDataType User -> a
    void <init>(java.lang.String,int) -> <init>
    void <clinit>() -> <clinit>
com.sellgirl.sgJavaHelper.config.SGDataHelper$PFConfigMapperEmpty -> ah:
    void <init>() -> <init>
    java.util.List GetModelConfigMapper() -> a
    com.sellgirl.sgJavaHelper.SGPathConfig GetPathConfig() -> a
    java.lang.Object getBeanInstance$659effca() -> a
com.sellgirl.sgJavaHelper.config.SGDataHelper$TrueOrStop -> ai:
    com.sellgirl.sgJavaHelper.config.SGDataHelper$TrueOrStop IsTrue -> a
    com.sellgirl.sgJavaHelper.config.SGDataHelper$TrueOrStop IsFalse -> b
    com.sellgirl.sgJavaHelper.config.SGDataHelper$TrueOrStop Stop -> c
    void <init>(java.lang.String,int) -> <init>
    void <clinit>() -> <clinit>
com.sellgirl.sgJavaHelper.file.SGDecryptByte -> com.sellgirl.sgJavaHelper.file.SGDecryptByte:
    void <init>() -> <init>
    void main(java.lang.String[]) -> main
com.sellgirl.sgJavaHelper.file.SGDirectory -> aj:
    java.lang.Boolean Exists(java.lang.String) -> a
    void EnsureExists(java.lang.String) -> a
    void EnsureFilePath(java.lang.String) -> b
com.sellgirl.sgJavaHelper.file.SGDirectorySplit -> com.sellgirl.sgJavaHelper.file.SGDirectorySplit:
    void <init>() -> <init>
    void main(java.lang.String[]) -> main
    void doSplitFromFolder(java.io.File,java.lang.String,int,com.sellgirl.sgJavaHelper.SGRef,boolean) -> a
com.sellgirl.sgJavaHelper.file.SGEncryptByte -> com.sellgirl.sgJavaHelper.file.SGEncryptByte:
    int DEFAULT_BUFFER_SIZE -> DEFAULT_BUFFER_SIZE
    void <init>() -> <init>
    void EncFile(java.io.File,java.io.File,int) -> EncFile
    void doEncFromFolder(java.io.File,java.lang.String,int) -> doEncFromFolder
    void doDecFromFolder(java.io.File,java.lang.String,int) -> doDecFromFolder
    void DecryptByte(java.io.InputStream,java.io.OutputStream,int,int) -> DecryptByte
    java.lang.String DecryptByteToString(java.io.InputStream,int,int) -> DecryptByteToString
    void main(java.lang.String[]) -> main
com.sellgirl.sgJavaHelper.file.SGFileMerge -> com.sellgirl.sgJavaHelper.file.SGFileMerge:
    void <init>() -> <init>
    void main(java.lang.String[]) -> main
com.sellgirl.sgJavaHelper.file.SGFileSplit -> com.sellgirl.sgJavaHelper.file.SGFileSplit:
    void <init>() -> <init>
    void main(java.lang.String[]) -> main
    void fileSplit(java.lang.String,java.lang.String) -> fileSplit
    void doSplitFromFolder(java.io.File,java.lang.String) -> a
    void doFileSplit(java.io.File,java.lang.String,int) -> doFileSplit
    void fileMerge(java.lang.String,java.lang.String) -> fileMerge
    void doMergeFromFolder2(java.io.File,java.lang.String) -> b
    void doFileMerge(java.io.File[],java.lang.String) -> a
    int lambda$doFileMerge$0(java.io.File,java.io.File) -> a
com.sellgirl.sgJavaHelper.file.SGPath -> ak:
    java.lang.String GetFileName(java.lang.String) -> a
    java.lang.String[] splitPath(java.lang.String) -> a
    void copyFile(java.io.File,java.io.File) -> a
com.sellgirl.sgJavaHelper.log.ISGLog -> al:
    void write(java.lang.Object,java.lang.String) -> a
com.sellgirl.sgJavaHelper.log.SGLog -> am:
    void <init>() -> <init>
    void write(java.lang.Object,java.lang.String) -> a
com.sellgirl.sgJavaHelper.model.FileSizeUnitType -> an:
    com.sellgirl.sgJavaHelper.model.FileSizeUnitType GB -> a
    com.sellgirl.sgJavaHelper.model.FileSizeUnitType MB -> b
    com.sellgirl.sgJavaHelper.model.FileSizeUnitType KB -> c
    int mask -> a
    void <init>(java.lang.String,int) -> <init>
    int getBinary() -> a
    void <clinit>() -> <clinit>
com.sellgirl.sgJavaHelper.model.HttpPostOption -> ao:
    java.lang.Boolean NoDataError -> a
    void <init>() -> <init>
com.sellgirl.sgJavaHelper.model.PFEnvir -> ap:
    com.sellgirl.sgJavaHelper.model.PFEnvir dev -> b
    com.sellgirl.sgJavaHelper.model.PFEnvir prod -> c
    com.sellgirl.sgJavaHelper.model.PFEnvir release -> a
    com.sellgirl.sgJavaHelper.model.PFEnvir sellgirl -> d
    com.sellgirl.sgJavaHelper.model.PFEnvir uat -> e
    void <init>(java.lang.String,int) -> <init>
    void <clinit>() -> <clinit>
com.sellgirl.sgJavaHelper.model.SysType -> aq:
    com.sellgirl.sgJavaHelper.model.SysType Windows -> a
    com.sellgirl.sgJavaHelper.model.SysType Linux -> b
    void <init>(java.lang.String,int) -> <init>
    void <clinit>() -> <clinit>
com.sellgirl.sgJavaHelper.sgEnum.ISGFlagEnum -> ar:
    int getBinary() -> a
com.sellgirl.sgJavaHelper.sgEnum.SGFlagEnum -> as:
    int binary -> a
    boolean hasFlag$4266d200(com.sellgirl.sgJavaHelper.model.FileSizeUnitType) -> a
com.sellgirl.sgJavaHelper.sql.BaseSqlUpdateCollection -> at:
com.sellgirl.sgJavaHelper.sql.IPFSqlUpdateField -> au:
com.sellgirl.sgJavaHelper.sql.SqlUpdateItem -> av:
    java.lang.Object Value -> a
    java.lang.Class VType -> a
    com.sellgirl.sgJavaHelper.IPFSqlFieldTypeConverter convertFrom -> a
    com.sellgirl.sgJavaHelper.IPFSqlFieldTypeConverter convertTo -> b
    void <init>() -> <init>
com.sellgirl.sgJavaHelper.time.SGTimeSpan -> aw:
    int _ymd -> e
    int Hour -> a
    int Minute -> b
    int Second -> c
    int Millisecond -> d
    void <init>(java.lang.Integer) -> <init>
    java.lang.String toString() -> toString
